// Jest Snapshot v1, https://goo.gl/fbAQLP

exports[`Container styled Root component should match snapshot 1`] = `
.c0 {
  margin: 0 auto;
  width: 814px;
}

<div>
  <div
    class="c0"
  />
</div>
`;
