// Jest Snapshot v1, https://goo.gl/fbAQLP

exports[`Global styles Root component should match snapshot 1`] = `<div />`;
